Command line invocation:
    /Applications/Xcode.app/Contents/Developer/usr/bin/xcodebuild -scheme WikiRaceApp -destination "platform=iOS Simulator,name=iPhone 17,OS=latest" -derivedDataPath ./build build

Resolve Package Graph
2026-02-08 23:34:37.623 xcodebuild[95028:812346] [MT] IDERunDestination: Supported platforms for the buildables in the current scheme is empty.


Resolved source packages:
  WikiRaceApp: /Users/anassmouakkid/.gemini/antigravity/scratch/WikiRaceApp

ComputePackagePrebuildTargetDependencyGraph

Prepare packages

CreateBuildRequest

SendProjectDescription

CreateBuildOperation

ComputeTargetDependencyGraph
note: Building targets in dependency order
note: Target dependency graph (2 targets)
    Target 'WikiRaceApp' in project 'WikiRaceApp'
        ➜ Explicit dependency on target 'WikiRaceApp_WikiRaceApp' in project 'WikiRaceApp'
    Target 'WikiRaceApp_WikiRaceApp' in project 'WikiRaceApp' (no dependencies)

GatherProvisioningInputs

CreateBuildDescription

ExecuteExternalTool /Applications/Xcode.app/Contents/Developer/Toolchains/XcodeDefault.xctoolchain/usr/bin/clang -v -E -dM -isysroot /Applications/Xcode.app/Contents/Developer/Platforms/iPhoneSimulator.platform/Developer/SDKs/iPhoneSimulator26.2.sdk -x c -c /dev/null

ExecuteExternalTool /Applications/Xcode.app/Contents/Developer/usr/bin/actool --version --output-format xml1

ExecuteExternalTool /Applications/Xcode.app/Contents/Developer/Toolchains/XcodeDefault.xctoolchain/usr/bin/swiftc --version

ExecuteExternalTool /Applications/Xcode.app/Contents/Developer/Toolchains/XcodeDefault.xctoolchain/usr/bin/ld -version_details

Build description signature: af1b2c4f1b4fc98faf2070eae0869894
Build description path: /Users/anassmouakkid/.gemini/antigravity/scratch/WikiRaceApp/build/Build/Intermediates.noindex/XCBuildData/af1b2c4f1b4fc98faf2070eae0869894.xcbuilddata
ClangStatCache /Applications/Xcode.app/Contents/Developer/Toolchains/XcodeDefault.xctoolchain/usr/bin/clang-stat-cache /Applications/Xcode.app/Contents/Developer/Platforms/iPhoneSimulator.platform/Developer/SDKs/iPhoneSimulator26.2.sdk /Users/anassmouakkid/.gemini/antigravity/scratch/WikiRaceApp/build/SDKStatCaches.noindex/iphonesimulator26.2-23C53-7d00a8b37fbd7999ea79df8ebc024bf0.sdkstatcache
    cd /Users/anassmouakkid/.gemini/antigravity/scratch/WikiRaceApp/.swiftpm/xcode
    /Applications/Xcode.app/Contents/Developer/Toolchains/XcodeDefault.xctoolchain/usr/bin/clang-stat-cache /Applications/Xcode.app/Contents/Developer/Platforms/iPhoneSimulator.platform/Developer/SDKs/iPhoneSimulator26.2.sdk -o /Users/anassmouakkid/.gemini/antigravity/scratch/WikiRaceApp/build/SDKStatCaches.noindex/iphonesimulator26.2-23C53-7d00a8b37fbd7999ea79df8ebc024bf0.sdkstatcache

ProcessProductPackaging "" /Users/anassmouakkid/.gemini/antigravity/scratch/WikiRaceApp/build/Build/Intermediates.noindex/WikiRaceApp.build/Debug-iphonesimulator/WikiRaceApp.build/WikiRaceApp-Simulated.xcent (in target 'WikiRaceApp' from project 'WikiRaceApp')
    cd /Users/anassmouakkid/.gemini/antigravity/scratch/WikiRaceApp
    
    Entitlements:
    
    {
    "application-identifier" = "FAKETEAMID.wikiraceapp.WikiRaceApp";
}
    
    builtin-productPackagingUtility -entitlements -format xml -o /Users/anassmouakkid/.gemini/antigravity/scratch/WikiRaceApp/build/Build/Intermediates.noindex/WikiRaceApp.build/Debug-iphonesimulator/WikiRaceApp.build/WikiRaceApp-Simulated.xcent

ProcessProductPackagingDER /Users/anassmouakkid/.gemini/antigravity/scratch/WikiRaceApp/build/Build/Intermediates.noindex/WikiRaceApp.build/Debug-iphonesimulator/WikiRaceApp.build/WikiRaceApp-Simulated.xcent /Users/anassmouakkid/.gemini/antigravity/scratch/WikiRaceApp/build/Build/Intermediates.noindex/WikiRaceApp.build/Debug-iphonesimulator/WikiRaceApp.build/WikiRaceApp-Simulated.xcent.der (in target 'WikiRaceApp' from project 'WikiRaceApp')
    cd /Users/anassmouakkid/.gemini/antigravity/scratch/WikiRaceApp
    /usr/bin/derq query -f xml -i /Users/anassmouakkid/.gemini/antigravity/scratch/WikiRaceApp/build/Build/Intermediates.noindex/WikiRaceApp.build/Debug-iphonesimulator/WikiRaceApp.build/WikiRaceApp-Simulated.xcent -o /Users/anassmouakkid/.gemini/antigravity/scratch/WikiRaceApp/build/Build/Intermediates.noindex/WikiRaceApp.build/Debug-iphonesimulator/WikiRaceApp.build/WikiRaceApp-Simulated.xcent.der --raw

SwiftDriver WikiRaceApp normal arm64 com.apple.xcode.tools.swift.compiler (in target 'WikiRaceApp' from project 'WikiRaceApp')
    cd /Users/anassmouakkid/.gemini/antigravity/scratch/WikiRaceApp/.swiftpm/xcode
    builtin-SwiftDriver -- /Applications/Xcode.app/Contents/Developer/Toolchains/XcodeDefault.xctoolchain/usr/bin/swiftc -module-name WikiRaceApp -Onone -enforce-exclusivity\=checked @/Users/anassmouakkid/.gemini/antigravity/scratch/WikiRaceApp/build/Build/Intermediates.noindex/WikiRaceApp.build/Debug-iphonesimulator/WikiRaceApp.build/Objects-normal/arm64/WikiRaceApp.SwiftFileList -DSWIFT_PACKAGE -DDEBUG -DSWIFT_MODULE_RESOURCE_BUNDLE_AVAILABLE -DXcode -plugin-path /Applications/Xcode.app/Contents/Developer/Toolchains/XcodeDefault.xctoolchain/usr/lib/swift/host/plugins/testing -enable-experimental-feature DebugDescriptionMacro -sdk /Applications/Xcode.app/Contents/Developer/Platforms/iPhoneSimulator.platform/Developer/SDKs/iPhoneSimulator26.2.sdk -target arm64-apple-ios17.0-simulator -g -module-cache-path /Users/anassmouakkid/.gemini/antigravity/scratch/WikiRaceApp/build/ModuleCache.noindex -Xfrontend -serialize-debugging-options -enable-testing -index-store-path /Users/anassmouakkid/.gemini/antigravity/scratch/WikiRaceApp/build/Index.noindex/DataStore -Xcc -D_LIBCPP_HARDENING_MODE\=_LIBCPP_HARDENING_MODE_DEBUG -swift-version 5 -I /Users/anassmouakkid/.gemini/antigravity/scratch/WikiRaceApp/build/Build/Products/Debug-iphonesimulator -Isystem /Applications/Xcode.app/Contents/Developer/Platforms/iPhoneSimulator.platform/Developer/usr/lib -F /Users/anassmouakkid/.gemini/antigravity/scratch/WikiRaceApp/build/Build/Products/Debug-iphonesimulator -F /Applications/Xcode.app/Contents/Developer/Platforms/iPhoneSimulator.platform/Developer/Library/Frameworks -F /Applications/Xcode.app/Contents/Developer/Platforms/iPhoneSimulator.platform/Developer/SDKs/iPhoneSimulator26.2.sdk/Developer/Library/Frameworks -emit-localized-strings -emit-localized-strings-path /Users/anassmouakkid/.gemini/antigravity/scratch/WikiRaceApp/build/Build/Intermediates.noindex/WikiRaceApp.build/Debug-iphonesimulator/WikiRaceApp.build/Objects-normal/arm64 -c -j12 -enable-batch-mode -incremental -Xcc -ivfsstatcache -Xcc /Users/anassmouakkid/.gemini/antigravity/scratch/WikiRaceApp/build/SDKStatCaches.noindex/iphonesimulator26.2-23C53-7d00a8b37fbd7999ea79df8ebc024bf0.sdkstatcache -output-file-map /Users/anassmouakkid/.gemini/antigravity/scratch/WikiRaceApp/build/Build/Intermediates.noindex/WikiRaceApp.build/Debug-iphonesimulator/WikiRaceApp.build/Objects-normal/arm64/WikiRaceApp-OutputFileMap.json -use-frontend-parseable-output -save-temps -no-color-diagnostics -explicit-module-build -module-cache-path /Users/anassmouakkid/.gemini/antigravity/scratch/WikiRaceApp/build/Build/Intermediates.noindex/SwiftExplicitPrecompiledModules -clang-scanner-module-cache-path /Users/anassmouakkid/.gemini/antigravity/scratch/WikiRaceApp/build/ModuleCache.noindex -sdk-module-cache-path /Users/anassmouakkid/.gemini/antigravity/scratch/WikiRaceApp/build/ModuleCache.noindex -serialize-diagnostics -emit-dependencies -emit-module -emit-module-path /Users/anassmouakkid/.gemini/antigravity/scratch/WikiRaceApp/build/Build/Intermediates.noindex/WikiRaceApp.build/Debug-iphonesimulator/WikiRaceApp.build/Objects-normal/arm64/WikiRaceApp.swiftmodule -validate-clang-modules-once -clang-build-session-file /Users/anassmouakkid/.gemini/antigravity/scratch/WikiRaceApp/build/ModuleCache.noindex/Session.modulevalidation -package-name wikiraceapp -emit-const-values -Xfrontend -const-gather-protocols-file -Xfrontend /Users/anassmouakkid/.gemini/antigravity/scratch/WikiRaceApp/build/Build/Intermediates.noindex/WikiRaceApp.build/Debug-iphonesimulator/WikiRaceApp.build/Objects-normal/arm64/WikiRaceApp_const_extract_protocols.json -Xcc -I/Users/anassmouakkid/.gemini/antigravity/scratch/WikiRaceApp/build/Build/Products/Debug-iphonesimulator/include -Xcc -I/Users/anassmouakkid/.gemini/antigravity/scratch/WikiRaceApp/build/Build/Intermediates.noindex/WikiRaceApp.build/Debug-iphonesimulator/WikiRaceApp.build/DerivedSources-normal/arm64 -Xcc -I/Users/anassmouakkid/.gemini/antigravity/scratch/WikiRaceApp/build/Build/Intermediates.noindex/WikiRaceApp.build/Debug-iphonesimulator/WikiRaceApp.build/DerivedSources/arm64 -Xcc -I/Users/anassmouakkid/.gemini/antigravity/scratch/WikiRaceApp/build/Build/Intermediates.noindex/WikiRaceApp.build/Debug-iphonesimulator/WikiRaceApp.build/DerivedSources -Xcc -DSWIFT_PACKAGE -Xcc -DDEBUG\=1 -working-directory /Users/anassmouakkid/.gemini/antigravity/scratch/WikiRaceApp/.swiftpm/xcode -experimental-emit-module-separately -disable-cmo

ProcessInfoPlistFile /Users/anassmouakkid/.gemini/antigravity/scratch/WikiRaceApp/build/Build/Products/Debug-iphonesimulator/WikiRaceApp_WikiRaceApp.bundle/Info.plist /Users/anassmouakkid/.gemini/antigravity/scratch/WikiRaceApp/build/Build/Intermediates.noindex/WikiRaceApp.build/Debug-iphonesimulator/WikiRaceApp_WikiRaceApp.build/empty-WikiRaceApp_WikiRaceApp.plist (in target 'WikiRaceApp_WikiRaceApp' from project 'WikiRaceApp')
    cd /Users/anassmouakkid/.gemini/antigravity/scratch/WikiRaceApp
    builtin-infoPlistUtility /Users/anassmouakkid/.gemini/antigravity/scratch/WikiRaceApp/build/Build/Intermediates.noindex/WikiRaceApp.build/Debug-iphonesimulator/WikiRaceApp_WikiRaceApp.build/empty-WikiRaceApp_WikiRaceApp.plist -producttype com.apple.product-type.bundle -expandbuildsettings -format binary -platform iphonesimulator -additionalcontentfile /Users/anassmouakkid/.gemini/antigravity/scratch/WikiRaceApp/build/Build/Intermediates.noindex/WikiRaceApp.build/Debug-iphonesimulator/WikiRaceApp_WikiRaceApp.build/assetcatalog_generated_info.plist -o /Users/anassmouakkid/.gemini/antigravity/scratch/WikiRaceApp/build/Build/Products/Debug-iphonesimulator/WikiRaceApp_WikiRaceApp.bundle/Info.plist

SwiftCompile normal arm64 Compiling\ MyEventsView.swift /Users/anassmouakkid/.gemini/antigravity/scratch/WikiRaceApp/WikiRaceApp/MyEventsView.swift (in target 'WikiRaceApp' from project 'WikiRaceApp')

SwiftCompile normal arm64 /Users/anassmouakkid/.gemini/antigravity/scratch/WikiRaceApp/WikiRaceApp/MyEventsView.swift (in target 'WikiRaceApp' from project 'WikiRaceApp')
    cd /Users/anassmouakkid/.gemini/antigravity/scratch/WikiRaceApp/.swiftpm/xcode
    
/Users/anassmouakkid/.gemini/antigravity/scratch/WikiRaceApp/WikiRaceApp/MyEventsView.swift:350:17: warning: initialization of immutable value 'distance' was never used; consider replacing with assignment to '_' or removing it
            let distance = entry.event.distance
            ~~~~^~~~~~~~
            _
/Users/anassmouakkid/.gemini/antigravity/scratch/WikiRaceApp/WikiRaceApp/MyEventsView.swift:1242:37: error: value of type 'RaceDataService' has no dynamic member 'saveResult' using key path from root type 'RaceDataService'
                        dataService.saveResult(for: entry.id, isFinished: isFinished, actualTime: isFinished ? totalSeconds : nil)
                        ~~~~~~~~~~~ ^~~~~~~~~~
/Users/anassmouakkid/.gemini/antigravity/scratch/WikiRaceApp/WikiRaceApp/MyEventsView.swift:1242:25: error: referencing subscript 'subscript(dynamicMember:)' requires wrapper 'ObservedObject<RaceDataService>.Wrapper'
                        dataService.saveResult(for: entry.id, isFinished: isFinished, actualTime: isFinished ? totalSeconds : nil)
                        ^
                        $
/Users/anassmouakkid/.gemini/antigravity/scratch/WikiRaceApp/WikiRaceApp/MyEventsView.swift:1242:37: error: cannot call value of non-function type 'Binding<Subject>'
                        dataService.saveResult(for: entry.id, isFinished: isFinished, actualTime: isFinished ? totalSeconds : nil)
                                    ^

Failed frontend command:
/Applications/Xcode.app/Contents/Developer/Toolchains/XcodeDefault.xctoolchain/usr/bin/swift-frontend -frontend -c /Users/anassmouakkid/.gemini/antigravity/scratch/WikiRaceApp/build/Build/Intermediates.noindex/WikiRaceApp.build/Debug-iphonesimulator/WikiRaceApp.build/DerivedSources/resource_bundle_accessor.swift /Users/anassmouakkid/.gemini/antigravity/scratch/WikiRaceApp/WikiRaceApp/Components.swift /Users/anassmouakkid/.gemini/antigravity/scratch/WikiRaceApp/WikiRaceApp/ContentView.swift /Users/anassmouakkid/.gemini/antigravity/scratch/WikiRaceApp/WikiRaceApp/EventDetailView.swift /Users/anassmouakkid/.gemini/antigravity/scratch/WikiRaceApp/WikiRaceApp/HealthTrackingView.swift /Users/anassmouakkid/.gemini/antigravity/scratch/WikiRaceApp/WikiRaceApp/HomeView.swift /Users/anassmouakkid/.gemini/antigravity/scratch/WikiRaceApp/WikiRaceApp/Models.swift -primary-file /Users/anassmouakkid/.gemini/antigravity/scratch/WikiRaceApp/WikiRaceApp/MyEventsView.swift /Users/anassmouakkid/.gemini/antigravity/scratch/WikiRaceApp/WikiRaceApp/RaceDataService.swift /Users/anassmouakkid/.gemini/antigravity/scratch/WikiRaceApp/WikiRaceApp/SavedRaceEntry.swift /Users/anassmouakkid/.gemini/antigravity/scratch/WikiRaceApp/WikiRaceApp/Theme.swift /Users/anassmouakkid/.gemini/antigravity/scratch/WikiRaceApp/WikiRaceApp/TrainingPlanGenerator.swift /Users/anassmouakkid/.gemini/antigravity/scratch/WikiRaceApp/WikiRaceApp/WikiRaceApp.swift /Users/anassmouakkid/.gemini/antigravity/scratch/WikiRaceApp/build/Build/Intermediates.noindex/WikiRaceApp.build/Debug-iphonesimulator/WikiRaceApp.build/DerivedSources/GeneratedAssetSymbols.swift -emit-dependencies-path /Users/anassmouakkid/.gemini/antigravity/scratch/WikiRaceApp/build/Build/Intermediates.noindex/WikiRaceApp.build/Debug-iphonesimulator/WikiRaceApp.build/Objects-normal/arm64/MyEventsView.d -emit-const-values-path /Users/anassmouakkid/.gemini/antigravity/scratch/WikiRaceApp/build/Build/Intermediates.noindex/WikiRaceApp.build/Debug-iphonesimulator/WikiRaceApp.build/Objects-normal/arm64/MyEventsView.swiftconstvalues -emit-reference-dependencies-path /Users/anassmouakkid/.gemini/antigravity/scratch/WikiRaceApp/build/Build/Intermediates.noindex/WikiRaceApp.build/Debug-iphonesimulator/WikiRaceApp.build/Objects-normal/arm64/MyEventsView.swiftdeps -serialize-diagnostics-path /Users/anassmouakkid/.gemini/antigravity/scratch/WikiRaceApp/build/Build/Intermediates.noindex/WikiRaceApp.build/Debug-iphonesimulator/WikiRaceApp.build/Objects-normal/arm64/MyEventsView.dia -emit-localized-strings -emit-localized-strings-path /Users/anassmouakkid/.gemini/antigravity/scratch/WikiRaceApp/build/Build/Intermediates.noindex/WikiRaceApp.build/Debug-iphonesimulator/WikiRaceApp.build/Objects-normal/arm64 -target arm64-apple-ios17.0-simulator -module-can-import-version DeveloperToolsSupport 23.0.4 23.0.4 -load-resolved-plugin /Applications/Xcode.app/Contents/Developer/Platforms/iPhoneOS.platform/Developer/usr/lib/swift/host/plugins/libFoundationMacros.dylib\#/Applications/Xcode.app/Contents/Developer/Platforms/iPhoneOS.platform/Developer/usr/bin/swift-plugin-server\#FoundationMacros -load-resolved-plugin /Applications/Xcode.app/Contents/Developer/Platforms/iPhoneOS.platform/Developer/usr/lib/swift/host/plugins/libObservationMacros.dylib\#/Applications/Xcode.app/Contents/Developer/Platforms/iPhoneOS.platform/Developer/usr/bin/swift-plugin-server\#ObservationMacros -load-resolved-plugin /Applications/Xcode.app/Contents/Developer/Platforms/iPhoneOS.platform/Developer/usr/lib/swift/host/plugins/libPreviewsMacros.dylib\#/Applications/Xcode.app/Contents/Developer/Platforms/iPhoneOS.platform/Developer/usr/bin/swift-plugin-server\#PreviewsMacros -load-resolved-plugin /Applications/Xcode.app/Contents/Developer/Platforms/iPhoneOS.platform/Developer/usr/lib/swift/host/plugins/libSwiftMacros.dylib\#/Applications/Xcode.app/Contents/Developer/Platforms/iPhoneOS.platform/Developer/usr/bin/swift-plugin-server\#SwiftMacros -load-resolved-plugin /Applications/Xcode.app/Contents/Developer/Platforms/iPhoneOS.platform/Developer/usr/lib/swift/host/plugins/libSwiftUIMacros.dylib\#/Applications/Xcode.app/Contents/Developer/Platforms/iPhoneOS.platform/Developer/usr/bin/swift-plugin-server\#SwiftUIMacros -disable-implicit-swift-modules -Xcc -fno-implicit-modules -Xcc -fno-implicit-module-maps -explicit-swift-module-map-file /Users/anassmouakkid/.gemini/antigravity/scratch/WikiRaceApp/build/Build/Intermediates.noindex/WikiRaceApp.build/Debug-iphonesimulator/WikiRaceApp.build/Objects-normal/arm64/WikiRaceApp-dependencies-1.json -Xllvm -aarch64-use-tbi -enable-objc-interop -sdk /Applications/Xcode.app/Contents/Developer/Platforms/iPhoneSimulator.platform/Developer/SDKs/iPhoneSimulator26.2.sdk -I /Users/anassmouakkid/.gemini/antigravity/scratch/WikiRaceApp/build/Build/Products/Debug-iphonesimulator -Isystem /Applications/Xcode.app/Contents/Developer/Platforms/iPhoneSimulator.platform/Developer/usr/lib -F /Users/anassmouakkid/.gemini/antigravity/scratch/WikiRaceApp/build/Build/Products/Debug-iphonesimulator -F /Applications/Xcode.app/Contents/Developer/Platforms/iPhoneSimulator.platform/Developer/Library/Frameworks -F /Applications/Xcode.app/Contents/Developer/Platforms/iPhoneSimulator.platform/Developer/SDKs/iPhoneSimulator26.2.sdk/Developer/Library/Frameworks -no-color-diagnostics -Xcc -fno-color-diagnostics -enable-testing -g -debug-info-format\=dwarf -dwarf-version\=4 -module-cache-path /Users/anassmouakkid/.gemini/antigravity/scratch/WikiRaceApp/build/Build/Intermediates.noindex/SwiftExplicitPrecompiledModules -swift-version 5 -enforce-exclusivity\=checked -Onone -D SWIFT_PACKAGE -D DEBUG -D SWIFT_MODULE_RESOURCE_BUNDLE_AVAILABLE -D Xcode -serialize-debugging-options -const-gather-protocols-file /Users/anassmouakkid/.gemini/antigravity/scratch/WikiRaceApp/build/Build/Intermediates.noindex/WikiRaceApp.build/Debug-iphonesimulator/WikiRaceApp.build/Objects-normal/arm64/WikiRaceApp_const_extract_protocols.json -enable-experimental-feature DebugDescriptionMacro -empty-abi-descriptor -validate-clang-modules-once -clang-build-session-file /Users/anassmouakkid/.gemini/antigravity/scratch/WikiRaceApp/build/ModuleCache.noindex/Session.modulevalidation -Xcc -working-directory -Xcc /Users/anassmouakkid/.gemini/antigravity/scratch/WikiRaceApp/.swiftpm/xcode -enable-anonymous-context-mangled-names -file-compilation-dir /Users/anassmouakkid/.gemini/antigravity/scratch/WikiRaceApp/.swiftpm/xcode -Xcc -D_LIBCPP_HARDENING_MODE\=_LIBCPP_HARDENING_MODE_DEBUG -Xcc -ivfsstatcache -Xcc /Users/anassmouakkid/.gemini/antigravity/scratch/WikiRaceApp/build/SDKStatCaches.noindex/iphonesimulator26.2-23C53-7d00a8b37fbd7999ea79df8ebc024bf0.sdkstatcache -Xcc -I/Users/anassmouakkid/.gemini/antigravity/scratch/WikiRaceApp/build/Build/Products/Debug-iphonesimulator/include -Xcc -I/Users/anassmouakkid/.gemini/antigravity/scratch/WikiRaceApp/build/Build/Intermediates.noindex/WikiRaceApp.build/Debug-iphonesimulator/WikiRaceApp.build/DerivedSources-normal/arm64 -Xcc -I/Users/anassmouakkid/.gemini/antigravity/scratch/WikiRaceApp/build/Build/Intermediates.noindex/WikiRaceApp.build/Debug-iphonesimulator/WikiRaceApp.build/DerivedSources/arm64 -Xcc -I/Users/anassmouakkid/.gemini/antigravity/scratch/WikiRaceApp/build/Build/Intermediates.noindex/WikiRaceApp.build/Debug-iphonesimulator/WikiRaceApp.build/DerivedSources -Xcc -DSWIFT_PACKAGE -Xcc -DDEBUG\=1 -no-auto-bridging-header-chaining -module-name WikiRaceApp -package-name wikiraceapp -frontend-parseable-output -disable-clang-spi -target-sdk-version 26.2 -target-sdk-name iphonesimulator26.2 -clang-target arm64-apple-ios26.2-simulator -in-process-plugin-server-path /Applications/Xcode.app/Contents/Developer/Toolchains/XcodeDefault.xctoolchain/usr/lib/swift/host/libSwiftInProcPluginServer.dylib -o /Users/anassmouakkid/.gemini/antigravity/scratch/WikiRaceApp/build/Build/Intermediates.noindex/WikiRaceApp.build/Debug-iphonesimulator/WikiRaceApp.build/Objects-normal/arm64/MyEventsView.o -index-unit-output-path /WikiRaceApp.build/Debug-iphonesimulator/WikiRaceApp.build/Objects-normal/arm64/MyEventsView.o -index-store-path /Users/anassmouakkid/.gemini/antigravity/scratch/WikiRaceApp/build/Index.noindex/DataStore -index-system-modules
SwiftEmitModule normal arm64 Emitting\ module\ for\ WikiRaceApp (in target 'WikiRaceApp' from project 'WikiRaceApp')

EmitSwiftModule normal arm64 (in target 'WikiRaceApp' from project 'WikiRaceApp')
    cd /Users/anassmouakkid/.gemini/antigravity/scratch/WikiRaceApp/.swiftpm/xcode
    

** BUILD FAILED **


The following build commands failed:
	SwiftCompile normal arm64 /Users/anassmouakkid/.gemini/antigravity/scratch/WikiRaceApp/WikiRaceApp/MyEventsView.swift (in target 'WikiRaceApp' from project 'WikiRaceApp')
	SwiftCompile normal arm64 Compiling\ MyEventsView.swift /Users/anassmouakkid/.gemini/antigravity/scratch/WikiRaceApp/WikiRaceApp/MyEventsView.swift (in target 'WikiRaceApp' from project 'WikiRaceApp')
	Building workspace WikiRaceApp with scheme WikiRaceApp
(3 failures)
